apiVersion: v1
kind: Secret
metadata:
  annotations: {}
  labels:
    name: exoscale-credentials
  name: exoscale-credentials
  namespace: syn-exoscale-cloud-controller-manager
stringData:
  api-key: t-silent-test-1234/c-green-test-1234/exoscale/ccm/access_key
  api-secret: t-silent-test-1234/c-green-test-1234/exoscale/ccm/secret_key
  api-zone: ch-gva-2
type: Opaque
