apiVersion: v1
kind: ServiceAccount
metadata:
  name: cloud-controller-manager
  namespace: syn-exoscale-cloud-controller-manager
