apiVersion: rbac.authorization.k8s.io/v1
kind: RoleBinding
metadata:
  annotations: {}
  labels:
    name: ccm-hostnetwork
  name: ccm-hostnetwork
  namespace: syn-exoscale-cloud-controller-manager
roleRef:
  apiGroup: rbac.authorization.k8s.io
  kind: ClusterRole
  name: system:openshift:scc:hostnetwork
subjects:
  - kind: ServiceAccount
    name: cloud-controller-manager
    namespace: syn-exoscale-cloud-controller-manager
