apiVersion: v1
kind: Namespace
metadata:
  annotations:
    openshift.io/node-selector: ''
  labels:
    name: syn-exoscale-cloud-controller-manager
  name: syn-exoscale-cloud-controller-manager
