apiVersion: rbac.authorization.k8s.io/v1
kind: ClusterRole
metadata:
  annotations:
    rbac.authorization.kubernetes.io/autoupdate: 'true'
  name: system:cloud-controller-manager
rules:
  - apiGroups:
      - coordination.k8s.io
    resources:
      - leases
    verbs:
      - get
      - create
      - update
  - apiGroups:
      - ''
    resources:
      - events
    verbs:
      - create
      - patch
      - update
  - apiGroups:
      - ''
    resources:
      - nodes
    verbs:
      - '*'
  - apiGroups:
      - ''
    resources:
      - configmaps
    verbs:
      - get
      - watch
      - list
  - apiGroups:
      - ''
    resources:
      - nodes/status
    verbs:
      - patch
  - apiGroups:
      - ''
    resources:
      - services
    verbs:
      - list
      - patch
      - update
      - watch
  - apiGroups:
      - ''
    resources:
      - services/status
    verbs:
      - list
      - patch
      - update
      - watch
  - apiGroups:
      - ''
    resources:
      - serviceaccounts
    verbs:
      - create
  - apiGroups:
      - certificates.k8s.io
    resources:
      - certificatesigningrequests
    verbs:
      - list
      - watch
  - apiGroups:
      - certificates.k8s.io
    resources:
      - certificatesigningrequests/approval
    verbs:
      - update
  - apiGroups:
      - certificates.k8s.io
    resourceNames:
      - kubernetes.io/kubelet-serving
    resources:
      - signers
    verbs:
      - approve
  - apiGroups:
      - ''
    resources:
      - endpoints
    verbs:
      - create
      - get
      - list
      - watch
      - update
